import time: self [us] | cumulative | imported package
import time:       624 |        624 |   _io
import time:        62 |         62 |   marshal
import time:       494 |        494 |   posix
import time:       813 |       1992 | _frozen_importlib_external
import time:      3090 |       3090 |   time
import time:       827 |       3916 | zipimport
import time:       210 |        210 |     _codecs
import time:       414 |        623 |   codecs
import time:      2347 |       2347 |   encodings.aliases
import time:      3475 |       6444 | encodings
import time:      1166 |       1166 | encodings.utf_8
import time:       188 |        188 | _signal
import time:        53 |         53 |     _abc
import time:       314 |        367 |   abc
import time:       529 |        895 | io
import time:        74 |         74 |       _stat
import time:       304 |        377 |     stat
import time:      1216 |       1216 |     _collections_abc
import time:       511 |        511 |       genericpath
import time:       133 |        643 |     posixpath
import time:       789 |       3024 |   os
import time:       110 |        110 |   _sitebuiltins
import time:       844 |        844 |   encodings.utf_8_sig
import time:      1399 |       1399 |   types
import time:      1708 |       1708 |       warnings
import time:      1163 |       2870 |     importlib
import time:       901 |        901 |     importlib._abc
import time:       218 |       3988 |   importlib.util
import time:       195 |        195 |   importlib.machinery
import time:      1373 |       1373 |   sitecustomize
import time:      5879 |      16808 | site
import time:       363 |        363 |   app
import time:      1181 |       1181 |     starlette
import time:       877 |        877 |       __future__
import time:      1294 |       2171 |     starlette.status
import time:       125 |        125 |           _operator
import time:       898 |       1022 |         operator
import time:       163 |        163 |             itertools
import time:      1679 |       1679 |             keyword
import time:       933 |        933 |             reprlib
import time:       117 |        117 |             _collections
import time:      2214 |       5105 |           collections
import time:        80 |         80 |           _functools
import time:      1448 |       6632 |         functools
import time:      2929 |      10581 |       enum
import time:       887 |        887 |         collections.abc
import time:       739 |        739 |         copyreg
import time:      1461 |       1461 |         contextlib
import time:       127 |        127 |             _sre
import time:       975 |        975 |               re._constants
import time:      1373 |       2347 |             re._parser
import time:       586 |        586 |             re._casefix
import time:      1127 |       4185 |           re._compiler
import time:      2310 |       6495 |         re
import time:        60 |         60 |         _typing
import time:      5128 |      14767 |       typing
import time:       620 |        620 |               concurrent
import time:       900 |        900 |                         token
import time:        70 |         70 |                         _tokenize
import time:      2969 |       3938 |                       tokenize
import time:      1185 |       5123 |                     linecache
import time:      2582 |       2582 |                     textwrap
import time:      1430 |       9134 |                   traceback
import time:      1066 |       1066 |                     _weakrefset
import time:      1953 |       3018 |                   weakref
import time:       109 |        109 |                     _string
import time:      1533 |       1641 |                   string
import time:      1822 |       1822 |                   threading
import time:        65 |         65 |                   atexit
import time:      3634 |      19313 |                 logging
import time:      1456 |      20769 |               concurrent.futures._base
import time:       717 |      22105 |             concurrent.futures
import time:        90 |         90 |             errno
import time:      2038 |       2038 |               _heapq
import time:      1364 |       3401 |             heapq
import time:      2877 |       2877 |               _socket
import time:      2254 |       2254 |                 math
import time:      2369 |       2369 |                 select
import time:      2053 |       6675 |               selectors
import time:      9643 |       9643 |               array
import time:      2618 |      21812 |             socket
import time:       138 |        138 |                 _locale
import time:      2502 |       2640 |               locale
import time:      2890 |       2890 |               signal
import time:      4964 |       4964 |               fcntl
import time:       221 |        221 |               msvcrt
import time:      2214 |       2214 |               _posixsubprocess
import time:      2012 |      14939 |             subprocess
import time:     12114 |      12114 |               _ssl
import time:      2064 |       2064 |                   _struct
import time:       785 |       2848 |                 struct
import time:      3888 |       3888 |                 binascii
import time:      1096 |       7831 |               base64
import time:     18068 |      38011 |             ssl
import time:      1113 |       1113 |             asyncio.constants
import time:      3992 |       3992 |                   _ast
import time:     11175 |      15166 |                 ast
import time:      5101 |       5101 |                     _opcode
import time:      2730 |       7830 |                   opcode
import time:      2422 |      10251 |                 dis
import time:      5963 |      31379 |               inspect
import time:       789 |      32168 |             asyncio.coroutines
import time:      2526 |       2526 |                 _contextvars
import time:      1318 |       3844 |               contextvars
import time:       806 |        806 |               asyncio.format_helpers
import time:       819 |        819 |                 asyncio.base_futures
import time:       947 |        947 |                 asyncio.exceptions
import time:       845 |        845 |                 asyncio.base_tasks
import time:      6860 |       9469 |               _asyncio
import time:      4129 |      18247 |             asyncio.events
import time:      1245 |       1245 |             asyncio.futures
import time:      4323 |       4323 |             asyncio.protocols
import time:      1244 |       1244 |               asyncio.transports
import time:       727 |        727 |               asyncio.log
import time:      1851 |       3821 |             asyncio.sslproto
import time:       454 |        454 |                 asyncio.mixins
import time:      1405 |       1859 |               asyncio.locks
import time:      2099 |       2099 |                 asyncio.timeouts
import time:      2744 |       4842 |               asyncio.tasks
import time:       779 |       7479 |             asyncio.staggered
import time:      1253 |       1253 |             asyncio.trsock
import time:      2698 |     172699 |           asyncio.base_events
import time:      4415 |       4415 |           asyncio.runners
import time:      5860 |       5860 |           asyncio.queues
import time:      1418 |       1418 |           asyncio.streams
import time:       805 |        805 |           asyncio.subprocess
import time:      4736 |       4736 |           asyncio.taskgroups
import time:       667 |        667 |           asyncio.threads
import time:      2207 |       2207 |             asyncio.base_subprocess
import time:      1320 |       1320 |             asyncio.selector_events
import time:      2383 |       5908 |           asyncio.unix_events
import time:      1700 |     198203 |         asyncio
import time:      1116 |       1116 |           copy
import time:      2661 |       3777 |         dataclasses
import time:      1037 |       1037 |           email
import time:       851 |        851 |           quopri
import time:      4433 |       4433 |                 _bisect
import time:       760 |       5193 |               bisect
import time:      2358 |       2358 |               _random
import time:      2448 |       2448 |               _sha2
import time:      1427 |      11425 |             random
import time:      2805 |       2805 |               _datetime
import time:       790 |       3595 |             datetime
import time:       793 |        793 |               urllib
import time:      2849 |       2849 |               ipaddress
import time:      2440 |       6081 |             urllib.parse
import time:      2213 |       2213 |               calendar
import time:      1264 |       3476 |             email._parseaddr
import time:       569 |        569 |               email.base64mime
import time:       639 |        639 |               email.quoprimime
import time:      1208 |       1208 |               email.errors
import time:       599 |        599 |               email.encoders
import time:      1108 |       4120 |             email.charset
import time:      1151 |      29845 |           email.utils
import time:      1254 |       1254 |             email.header
import time:       909 |       2162 |           email._policybase
import time:      1504 |       1504 |           email._encoded_words
import time:       689 |        689 |           email.iterators
import time:      1594 |      37680 |         email.message
import time:      2495 |       2495 |               _json
import time:       952 |       3446 |             json.scanner
import time:      1115 |       4561 |           json.decoder
import time:      1084 |       1084 |           json.encoder
import time:       772 |       6416 |         json
import time:       404 |        404 |             fastapi.openapi
import time:       401 |        401 |                     pydantic.version
import time:       959 |       1360 |                   pydantic._migration
import time:      4333 |       4333 |                     typing_extensions
import time:       823 |       5156 |                   pydantic.errors
import time:       796 |       7310 |                 pydantic
import time:     10031 |      10031 |                   pydantic_core._pydantic_core
import time:      1211 |       1211 |                         numbers
import time:      4728 |       5939 |                       _decimal
import time:       726 |       6665 |                     decimal
import time:     23386 |      30050 |                   pydantic_core.core_schema
import time:      1357 |      41438 |                 pydantic_core
import time:       581 |        581 |                 pydantic._internal
import time:       501 |        501 |                     pydantic._internal._internal_dataclass
import time:      2431 |       2931 |                   pydantic.aliases
import time:      2046 |       2046 |                   pydantic.config
import time:       998 |        998 |                   pydantic.warnings
import time:      1337 |       7311 |                 pydantic._internal._config
import time:       993 |        993 |                         pydantic._internal._namespace_utils
import time:      1263 |       1263 |                             sysconfig
import time:      1773 |       1773 |                             _sysconfigdata__darwin_darwin
import time:      1081 |       1081 |                             _osx_support
import time:      2793 |       6908 |                           zoneinfo._tzpath
import time:       633 |        633 |                           zoneinfo._common
import time:      2823 |       2823 |                           _zoneinfo
import time:       975 |      11338 |                         zoneinfo
import time:      1343 |      13674 |                       pydantic._internal._typing_extra
import time:       588 |      14262 |                     pydantic._internal._repr
import time:       770 |        770 |                     pydantic._internal._core_metadata
import time:      1252 |      16282 |                   pydantic._internal._core_utils
import time:       668 |        668 |                     pydantic._internal._import_utils
import time:      1964 |       2631 |                   pydantic._internal._utils
import time:      6564 |      25476 |                 pydantic._internal._decorators
import time:       559 |        559 |                   pydantic._internal._docs_extraction
import time:       871 |       1429 |                 pydantic._internal._fields
import time:      1150 |       1150 |                 pydantic._internal._forward_ref
import time:      2423 |       2423 |                 pydantic._internal._generics
import time:      1484 |       1484 |                     pydantic.plugin
import time:       996 |       2480 |                   pydantic.plugin._schema_validator
import time:       927 |       3407 |                 pydantic._internal._mock_val_ser
import time:      1251 |       1251 |                       fnmatch
import time:       154 |        154 |                         _winapi
import time:       119 |        119 |                         nt
import time:       107 |        107 |                         nt
import time:       104 |        104 |                         nt
import time:       100 |        100 |                         nt
import time:        98 |         98 |                         nt
import time:        97 |         97 |                         nt
import time:       211 |        986 |                       ntpath
import time:      3660 |       5895 |                     pathlib
import time:      2716 |       2716 |                     fractions
import time:      2722 |       2722 |                       _uuid
import time:      3105 |       5827 |                     uuid
import time:       539 |        539 |                     pydantic.annotated_handlers
import time:      6329 |       6329 |                     pydantic.functional_validators
import time:       550 |        550 |                       pydantic._internal._schema_generation_shared
import time:      3761 |       4310 |                     pydantic.json_schema
import time:       649 |        649 |                     pydantic._internal._discriminated_union
import time:       714 |        714 |                     pydantic._internal._known_annotated_metadata
import time:      3314 |      30291 |                   pydantic._internal._generate_schema
import time:       625 |        625 |                   pydantic._internal._signature
import time:      1102 |      32017 |                 pydantic._internal._model_construction
import time:      1892 |       1892 |                   http
import time:       754 |       2646 |                 starlette.exceptions
import time:     13278 |      13278 |                   annotated_types
import time:       806 |        806 |                   pydantic._internal._validators
import time:     12530 |      12530 |                   pydantic.types
import time:      4051 |      30664 |                 pydantic.fields
import time:      2572 |       2572 |                       _csv
import time:       884 |       3455 |                     csv
import time:      2964 |       2964 |                         zlib
import time:      3854 |       3854 |                           _compression
import time:      5701 |       5701 |                           _bz2
import time:      1351 |      10905 |                         bz2
import time:      5464 |       5464 |                           _lzma
import time:       905 |       6369 |                         lzma
import time:      3158 |      23395 |                       shutil
import time:       627 |        627 |                         zipfile._path.glob
import time:      2315 |       2941 |                       zipfile._path
import time:      2484 |      28819 |                     zipfile
import time:       431 |        431 |                         importlib.metadata._functools
import time:       514 |        945 |                       importlib.metadata._text
import time:       787 |       1732 |                     importlib.metadata._adapters
import time:       864 |        864 |                     importlib.metadata._meta
import time:      1041 |       1041 |                     importlib.metadata._collections
import time:       888 |        888 |                     importlib.metadata._itertools
import time:      1186 |       1186 |                           tempfile
import time:       947 |        947 |                           importlib.resources.abc
import time:       929 |        929 |                           importlib.resources._adapters
import time:      4739 |       7800 |                         importlib.resources._common
import time:      1115 |       1115 |                         importlib.resources._legacy
import time:       574 |       9488 |                       importlib.resources
import time:      1056 |      10543 |                     importlib.abc
import time:      2257 |      49597 |                   importlib.metadata
import time:       596 |      50193 |                 pydantic.plugin._loader
import time:     67751 |     273790 |               fastapi.exceptions
import time:      1676 |       1676 |               fastapi.types
import time:      1067 |       1067 |                 shlex
import time:       548 |        548 |                         anyio._core
import time:      1027 |       1575 |                       anyio._core._contextmanagers
import time:       991 |        991 |                         anyio._core._exceptions
import time:       204 |        204 |                         sniffio
import time:       684 |       1878 |                       anyio._core._eventloop
import time:      1513 |       1513 |                             anyio.abc._eventloop
import time:      1539 |       1539 |                             anyio.abc._resources
import time:       552 |        552 |                               anyio._core._typedattr
import time:       936 |        936 |                                 anyio.abc._tasks
import time:      3551 |       4486 |                               anyio.abc._streams
import time:      2368 |       7405 |                             anyio.abc._sockets
import time:       991 |        991 |                             anyio.abc._subprocesses
import time:       904 |        904 |                             anyio.abc._testing
import time:      2089 |       2089 |                               anyio.lowlevel
import time:      1013 |       1013 |                               anyio._core._tasks
import time:       528 |        528 |                               anyio._core._testing
import time:      7237 |      10866 |                             anyio._core._synchronization
import time:      1513 |       1513 |                             anyio.from_thread
import time:      5258 |      29987 |                           anyio.abc
import time:       489 |      30476 |                         anyio.to_thread
import time:      1814 |      32289 |                       anyio._core._fileio
import time:       404 |        404 |                       anyio._core._resources
import time:       416 |        416 |                       anyio._core._signals
import time:      1117 |       1117 |                           anyio.streams
import time:      3663 |       4779 |                         anyio.streams.stapled
import time:      1953 |       1953 |                         anyio.streams.tls
import time:      1891 |       8622 |                       anyio._core._sockets
import time:      4257 |       4257 |                         anyio.streams.memory
import time:       617 |       4874 |                       anyio._core._streams
import time:      1206 |       1206 |                       anyio._core._subprocesses
import time:       927 |        927 |                       anyio._core._tempfile
import time:      1905 |      54092 |                     anyio
import time:        38 |      54129 |                   anyio.to_thread
import time:       508 |      54636 |                 starlette.concurrency
import time:       907 |        907 |                 starlette.types
import time:      2086 |      58694 |               starlette.datastructures
import time:      3772 |     337931 |             fastapi._compat
import time:       881 |        881 |             fastapi.logger
import time:       214 |        214 |             email_validator
import time:       424 |        424 |               pydantic._internal._serializers
import time:      2940 |       3363 |             pydantic._internal._std_types_schema
import time:    279857 |     622648 |           fastapi.openapi.models
import time:      2414 |     625061 |         fastapi.params
import time:      1315 |       1315 |         fastapi.datastructures
import time:       582 |        582 |           fastapi.dependencies
import time:       391 |        391 |                 fastapi.security.base
import time:      2458 |       2458 |                   http.cookies
import time:       934 |        934 |                   starlette._utils
import time:       199 |        199 |                     python_multipart
import time:       158 |        158 |                     multipart
import time:      5504 |       5860 |                   starlette.formparsers
import time:       231 |        231 |                     python_multipart
import time:        61 |        292 |                   python_multipart.multipart
import time:       144 |        144 |                     multipart
import time:        38 |        181 |                   multipart.multipart
import time:      1702 |      11425 |                 starlette.requests
import time:      1307 |      13122 |               fastapi.security.api_key
import time:       452 |        452 |                 fastapi.security.utils
import time:      2862 |       3314 |               fastapi.security.http
import time:      2317 |       2317 |                 fastapi.param_functions
import time:      2872 |       5188 |               fastapi.security.oauth2
import time:       719 |        719 |               fastapi.security.open_id_connect_url
import time:      4782 |      27123 |             fastapi.security
import time:        59 |      27182 |           fastapi.security.base
import time:      5388 |      33150 |         fastapi.dependencies.models
import time:       704 |        704 |             starlette.background
import time:       829 |       1533 |           fastapi.background
import time:       690 |        690 |           fastapi.concurrency
import time:       870 |        870 |           fastapi.utils
import time:      7143 |       7143 |               _hashlib
import time:      3583 |       3583 |               _blake2
import time:      3777 |      14502 |             hashlib
import time:       200 |        200 |               _winapi
import time:       128 |        128 |               winreg
import time:      1438 |       1765 |             mimetypes
import time:       940 |        940 |               hmac
import time:       744 |       1684 |             secrets
import time:      1392 |      19341 |           starlette.responses
import time:       870 |        870 |           starlette.websockets
import time:      3696 |      26996 |         fastapi.dependencies.utils
import time:      1156 |       1156 |             colorsys
import time:      1870 |       3026 |           pydantic.color
import time:      1471 |       4496 |         fastapi.encoders
import time:       475 |        475 |           starlette._exception_handler
import time:       777 |        777 |           starlette.convertors
import time:       672 |        672 |           starlette.middleware
import time:      1689 |       3612 |         starlette.routing
import time:      8614 |     949316 |       fastapi.routing
import time:       353 |        353 |         fastapi.websockets
import time:       556 |        909 |       fastapi.exception_handlers
import time:       718 |        718 |       fastapi.openapi.docs
import time:      1331 |       1331 |             email.feedparser
import time:      1002 |       2332 |           email.parser
import time:      1771 |       4103 |         http.client
import time:       871 |        871 |         fastapi.openapi.constants
import time:       179 |        179 |           ujson
import time:       125 |        125 |           orjson
import time:       572 |        875 |         fastapi.responses
import time:      1377 |       7226 |       fastapi.openapi.utils
import time:       886 |        886 |         starlette.middleware.base
import time:      2270 |       2270 |             html.entities
import time:      1472 |       3742 |           html
import time:       540 |       4281 |         starlette.middleware.errors
import time:       598 |        598 |         starlette.middleware.exceptions
import time:       701 |       6464 |       starlette.applications
import time:      3360 |     993338 |     fastapi.applications
import time:       492 |        492 |     fastapi.requests
import time:       837 |     998017 |   fastapi
import time:       612 |        612 |     fastapi.middleware
import time:       614 |        614 |     starlette.middleware.cors
import time:       647 |       1872 |   fastapi.middleware.cors
import time:       160 |        160 |     app.core
import time:      2105 |       2105 |           gettext
import time:      3760 |       5865 |         argparse
import time:       913 |        913 |           pydantic._internal._dataclasses
import time:       885 |       1798 |         pydantic.dataclasses
import time:      2340 |       2340 |               dotenv.parser
import time:       811 |        811 |               dotenv.variables
import time:      1296 |       4446 |             dotenv.main
import time:       718 |       5164 |           dotenv
import time:       739 |        739 |           pydantic_settings.utils
import time:      7580 |      13482 |         pydantic_settings.sources
import time:      4123 |      25266 |       pydantic_settings.main
import time:       509 |        509 |       pydantic_settings.version
import time:       588 |      26362 |     pydantic_settings
import time:      3884 |      30404 |   app.core.config
import time:       155 |        155 |         app.services
import time:       472 |        472 |           httpx.__version__
import time:      1627 |       1627 |                     urllib.response
import time:       851 |       2477 |                   urllib.error
import time:     96549 |      96549 |                   _scproxy
import time:      5420 |     104445 |                 urllib.request
import time:      1350 |       1350 |                 httpx._exceptions
import time:      5806 |       5806 |                   http.cookiejar
import time:      4032 |       4032 |                       httpx._types
import time:       758 |        758 |                       httpx._utils
import time:      1247 |       6036 |                     httpx._multipart
import time:      1164 |       7199 |                   httpx._content
import time:       314 |        314 |                     brotli
import time:       140 |        140 |                     brotlicffi
import time:       120 |        120 |                     zstandard
import time:      4504 |       5077 |                   httpx._decoders
import time:      2174 |       2174 |                   httpx._status_codes
import time:      8680 |       8680 |                         unicodedata
import time:      2792 |       2792 |                         idna.idnadata
import time:       727 |        727 |                         idna.intranges
import time:      3107 |      15303 |                       idna.core
import time:       488 |        488 |                       idna.package_data
import time:       693 |      16484 |                     idna
import time:      3160 |       3160 |                     httpx._urlparse
import time:       956 |      20599 |                   httpx._urls
import time:      1733 |      42584 |                 httpx._models
import time:      3186 |     151565 |               httpx._auth
import time:      2836 |       2836 |               httpx._config
import time:       898 |        898 |                     httpx._transports.base
import time:       991 |       1889 |                   httpx._transports.asgi
import time:      1100 |       1100 |                   httpx._transports.default
import time:       627 |        627 |                   httpx._transports.mock
import time:       671 |        671 |                   httpx._transports.wsgi
import time:       722 |       5007 |                 httpx._transports
import time:        69 |       5075 |               httpx._transports.base
import time:      2483 |     161957 |             httpx._client
import time:       457 |     162414 |           httpx._api
import time:      1033 |       1033 |                   click._compat
import time:       524 |        524 |                     click.globals
import time:      1185 |       1185 |                     click.utils
import time:      1236 |       2944 |                   click.exceptions
import time:      2434 |       6409 |                 click.types
import time:      1448 |       1448 |                 click._utils
import time:       790 |        790 |                   click.parser
import time:      1125 |       1915 |                 click.formatting
import time:       758 |        758 |                 click.termui
import time:      3440 |      13968 |               click.core
import time:      1136 |       1136 |               click.decorators
import time:      1869 |      16972 |             click
import time:       183 |        183 |               pygments
import time:        46 |        229 |             pygments.lexers
import time:      1338 |      18537 |           httpx._main
import time:       822 |     182244 |         httpx
import time:       897 |     183295 |       app.services.cartola
import time:      1169 |       1169 |       app.services.data_processing
import time:      2401 |       2401 |           pulp.constants
import time:       351 |        351 |                     _wmi
import time:      1823 |       2174 |                   platform
import time:      5022 |       5022 |                     _ctypes
import time:      1256 |       1256 |                     ctypes._endian
import time:      2886 |       9163 |                   ctypes
import time:      5911 |       5911 |                   configparser
import time:       553 |        553 |                   pulp.sparse
import time:       232 |        232 |                   ujson
import time:      2440 |      20471 |                 pulp.apis.core
import time:       160 |        160 |                 yaposib
import time:      1549 |      22180 |               pulp.apis.coin_api
import time:       139 |        139 |                 cplex
import time:       760 |        899 |               pulp.apis.cplex_api
import time:       238 |        238 |                 gurobipy
import time:       850 |       1087 |               pulp.apis.gurobi_api
import time:       278 |        278 |                   glpk
import time:      1511 |       1788 |                 glpk.glpkpi
import time:      1621 |       3409 |               pulp.apis.glpk_api
import time:      1532 |       1532 |               pulp.apis.choco_api
import time:       583 |        583 |               pulp.apis.mipcl_api
import time:       173 |        173 |                 mosek
import time:      1154 |       1326 |               pulp.apis.mosek_api
import time:       165 |        165 |                 pyscipopt
import time:      1110 |       1274 |               pulp.apis.scip_api
import time:       945 |        945 |               pulp.apis.xpress_api
import time:       228 |        228 |                 highspy
import time:      2437 |       2664 |               pulp.apis.highs_api
import time:      1021 |       1021 |                 glob
import time:       174 |        174 |                 coptpy
import time:      1623 |       2817 |               pulp.apis.copt_api
import time:      1726 |      40438 |             pulp.apis
import time:       505 |        505 |             pulp.utilities
import time:       585 |        585 |             pulp.mps_lp
import time:       195 |        195 |             odict
import time:       133 |        133 |             ujson
import time:      1921 |      43775 |           pulp.pulp
import time:       951 |        951 |                   unittest.util
import time:      1509 |       2460 |                 unittest.result
import time:      1770 |       1770 |                   difflib
import time:       879 |        879 |                   pprint
import time:      1827 |       4475 |                 unittest.case
import time:       765 |        765 |                 unittest.suite
import time:      1585 |       1585 |                 unittest.loader
import time:       637 |        637 |                     unittest.signals
import time:       923 |       1559 |                   unittest.runner
import time:       864 |       2423 |                 unittest.main
import time:      2867 |      14572 |               unittest
import time:       361 |        361 |                 pulp.tests.bin_packing_problem
import time:       205 |        205 |                 gurobipy
import time:      1487 |       2052 |               pulp.tests.test_pulp
import time:      1038 |       1038 |               pulp.tests.test_examples
import time:       163 |        163 |                 gurobipy
import time:       645 |        807 |               pulp.tests.test_gurobipy_env
import time:       742 |      19208 |             pulp.tests.run_tests
import time:       424 |      19632 |           pulp.tests
import time:       828 |      66635 |         pulp
import time:      1075 |      67709 |       app.services.solver
import time:      7078 |     259249 |     app.api.cartola
import time:      4924 |       4924 |     app.api.solver
import time:       573 |        573 |               google.auth.version
import time:       747 |        747 |                 google.auth.environment_vars
import time:       886 |        886 |                 google.auth.exceptions
import time:       484 |        484 |                   google.auth.transport
import time:       963 |        963 |                   google.auth._helpers
import time:       797 |       2244 |                 google.auth.transport._http_client
import time:      1012 |       4887 |               google.auth._default
import time:       737 |       6196 |             google.auth
import time:       420 |        420 |             google.auth.metrics
import time:       406 |        406 |             google.auth._credentials_base
import time:       446 |        446 |             google.auth._refresh_worker
import time:      1162 |       8628 |           google.auth.credentials
import time:      2192 |       2192 |                   urllib3.exceptions
import time:       711 |        711 |                           urllib3.util.timeout
import time:       715 |       1425 |                         urllib3.util.connection
import time:       358 |        358 |                           urllib3.util.util
import time:       154 |        154 |                           brotlicffi
import time:       125 |        125 |                           brotli
import time:       124 |        124 |                           backports
import time:      1138 |       1897 |                         urllib3.util.request
import time:       408 |        408 |                         urllib3.util.response
import time:      2183 |       2183 |                         urllib3.util.retry
import time:     42341 |      42341 |                           urllib3.util.url
import time:      1079 |       1079 |                           urllib3.util.ssltransport
import time:       792 |      44211 |                         urllib3.util.ssl_
import time:       572 |        572 |                         urllib3.util.wait
import time:       531 |      51225 |                       urllib3.util
import time:        58 |      51283 |                     urllib3.util.connection
import time:      1638 |      52920 |                   urllib3._base_connection
import time:      1832 |       1832 |                   urllib3._collections
import time:      1251 |       1251 |                   urllib3._version
import time:      5122 |       5122 |                       _queue
import time:      1189 |       6310 |                     queue
import time:       984 |        984 |                         urllib3.fields
import time:       619 |       1603 |                       urllib3.filepost
import time:       216 |        216 |                         brotlicffi
import time:       187 |        187 |                         brotli
import time:       687 |        687 |                           urllib3.http2
import time:       789 |        789 |                           urllib3.http2.probe
import time:       529 |        529 |                           urllib3.util.ssl_match_hostname
import time:      1686 |       3689 |                         urllib3.connection
import time:       206 |        206 |                         backports
import time:      1460 |       5756 |                       urllib3.response
import time:       863 |       8222 |                     urllib3._request_methods
import time:       409 |        409 |                     urllib3.util.proxy
import time:      1282 |      16221 |                   urllib3.connectionpool
import time:      1862 |       1862 |                   urllib3.poolmanager
import time:       825 |      77101 |                 urllib3
import time:      2757 |       2757 |                         charset_normalizer.constant
import time:      5664 |       5664 |                           charset_normalizer.md__mypyc
import time:      3266 |       3266 |                             _multibytecodec
import time:      1171 |       4436 |                           charset_normalizer.utils
import time:      4093 |      14193 |                         charset_normalizer.md
import time:       775 |        775 |                         charset_normalizer.models
import time:      1666 |      19388 |                       charset_normalizer.cd
import time:       894 |      20282 |                     charset_normalizer.api
import time:       509 |        509 |                     charset_normalizer.legacy
import time:       497 |        497 |                     charset_normalizer.version
import time:       994 |        994 |                     simplejson
import time:      1783 |      24063 |                   requests.compat
import time:      1668 |      25731 |                 requests.exceptions
import time:       193 |        193 |                 chardet
import time:      2145 |       2145 |                 requests.packages
import time:       579 |        579 |                       certifi.core
import time:       880 |       1458 |                     certifi
import time:       901 |       2358 |                   requests.certs
import time:       361 |        361 |                   requests.__version__
import time:       891 |        891 |                   requests._internal_utils
import time:      1189 |       1189 |                   requests.cookies
import time:      1865 |       1865 |                   requests.structures
import time:       503 |        503 |                       importlib.resources._itertools
import time:       979 |       1482 |                     importlib.resources.readers
import time:       667 |       2149 |                   importlib.readers
import time:      1572 |      10382 |                 requests.utils
import time:       827 |        827 |                       requests.auth
import time:       995 |        995 |                           stringprep
import time:      1154 |       2149 |                         encodings.idna
import time:       822 |        822 |                         requests.hooks
import time:      1220 |       1220 |                         requests.status_codes
import time:      1241 |       5430 |                       requests.models
import time:       455 |        455 |                         urllib3.contrib
import time:       215 |        215 |                         socks
import time:       752 |       1421 |                       urllib3.contrib.socks
import time:       762 |       8438 |                     requests.adapters
import time:       781 |       9219 |                   requests.sessions
import time:       513 |       9731 |                 requests.api
import time:       907 |     126186 |               requests
import time:       519 |        519 |                 google.auth._agent_identity_utils
import time:      1148 |       1667 |               google.auth.transport._mtls_helper
import time:       519 |        519 |               google.oauth2
import time:       381 |        381 |                 google.auth._constants
import time:      1583 |       1583 |                     google.auth.crypt.base
import time:      1118 |       1118 |                           cryptography.__about__
import time:       809 |       1926 |                         cryptography
import time:       424 |        424 |                             cryptography.hazmat
import time:      2630 |       3054 |                           cryptography.hazmat.bindings
import time:      6248 |       6248 |                           _cffi_backend
import time:     48396 |      57696 |                         cryptography.hazmat.bindings._rust
import time:       722 |      60343 |                       cryptography.exceptions
import time:       660 |        660 |                       cryptography.hazmat.backends
import time:       592 |        592 |                       cryptography.hazmat.primitives
import time:      1043 |       1043 |                         cryptography.utils
import time:      1152 |       2195 |                       cryptography.hazmat.primitives.hashes
import time:      1428 |       1428 |                         cryptography.hazmat.primitives._serialization
import time:       571 |        571 |                         cryptography.hazmat.primitives.serialization.base
import time:       473 |        473 |                           cryptography.hazmat.primitives.asymmetric
import time:       654 |        654 |                             cryptography.hazmat.primitives.asymmetric.utils
import time:      1091 |       1744 |                           cryptography.hazmat.primitives.asymmetric.dsa
import time:      1308 |       1308 |                             cryptography.hazmat._oid
import time:      1385 |       2693 |                           cryptography.hazmat.primitives.asymmetric.ec
import time:       566 |        566 |                           cryptography.hazmat.primitives.asymmetric.ed25519
import time:       534 |        534 |                             cryptography.hazmat.primitives._asymmetric
import time:       798 |        798 |                             cryptography.hazmat.primitives.asymmetric.rsa
import time:       784 |       2116 |                           cryptography.hazmat.primitives.asymmetric.padding
import time:       370 |        370 |                             cryptography.hazmat.primitives._cipheralgorithm
import time:       392 |        392 |                                       cryptography.hazmat.decrepit
import time:       581 |        972 |                                     cryptography.hazmat.decrepit.ciphers
import time:       732 |       1703 |                                   cryptography.hazmat.decrepit.ciphers.algorithms
import time:      2089 |       3792 |                                 cryptography.hazmat.primitives.ciphers.algorithms
import time:      2792 |       6584 |                               cryptography.hazmat.primitives.ciphers.modes
import time:      2516 |       9099 |                             cryptography.hazmat.primitives.ciphers.base
import time:       367 |       9835 |                           cryptography.hazmat.primitives.ciphers
import time:       215 |        215 |                           bcrypt
import time:      3738 |      21378 |                         cryptography.hazmat.primitives.serialization.ssh
import time:       631 |      24006 |                       cryptography.hazmat.primitives.serialization
import time:      1027 |       1027 |                         cryptography.x509.certificate_transparency
import time:       399 |        399 |                               cryptography.x509.oid
import time:     17847 |      18245 |                             cryptography.x509.name
import time:      1511 |      19756 |                           cryptography.x509.general_name
import time:       552 |      20307 |                         cryptography.x509.verification
import time:       517 |        517 |                           cryptography.hazmat.primitives.asymmetric.ed448
import time:       725 |        725 |                           cryptography.hazmat.primitives.asymmetric.x448
import time:       405 |        405 |                           cryptography.hazmat.primitives.asymmetric.x25519
import time:       546 |        546 |                             cryptography.hazmat.primitives.asymmetric.dh
import time:       511 |       1057 |                           cryptography.hazmat.primitives.asymmetric.types
import time:       435 |        435 |                             cryptography.hazmat.primitives.constant_time
import time:      3214 |       3649 |                           cryptography.x509.extensions
import time:      1623 |       7972 |                         cryptography.x509.base
import time:      2027 |      31331 |                       cryptography.x509
import time:       318 |        318 |                             cryptography.hazmat.bindings.openssl
import time:       488 |        488 |                               cryptography.hazmat.bindings.openssl._conditional
import time:      3841 |       4329 |                             cryptography.hazmat.bindings.openssl.binding
import time:      1070 |       5717 |                           cryptography.hazmat.backends.openssl.backend
import time:       606 |       6322 |                         cryptography.hazmat.backends.openssl
import time:        39 |       6360 |                       cryptography.hazmat.backends.openssl.backend
import time:      1914 |     127399 |                     google.auth.crypt.es
import time:       531 |        531 |                     google.auth.crypt.es256
import time:      2222 |       2222 |                       google.auth.crypt._cryptography_rsa
import time:       564 |        564 |                             pyasn1
import time:       619 |       1182 |                           pyasn1.codec
import time:      1997 |       3178 |                         pyasn1.codec.der
import time:       275 |        275 |                           pyasn1.codec.cer
import time:       845 |        845 |                             pyasn1.error
import time:       354 |        354 |                               pyasn1.type
import time:       569 |        569 |                                 pyasn1.codec.ber
import time:       432 |        432 |                                       pyasn1.type.error
import time:      1020 |       1451 |                                     pyasn1.type.constraint
import time:       411 |        411 |                                     pyasn1.type.tag
import time:       414 |        414 |                                     pyasn1.type.tagmap
import time:      1130 |       3405 |                                   pyasn1.type.base
import time:       615 |       4019 |                                 pyasn1.codec.ber.eoo
import time:       312 |        312 |                                 pyasn1.compat
import time:       487 |        487 |                                 pyasn1.compat.integer
import time:       634 |        634 |                                 pyasn1.type.namedtype
import time:       446 |        446 |                                 pyasn1.type.namedval
import time:      2583 |       9048 |                               pyasn1.type.univ
import time:      1166 |      10567 |                             pyasn1.codec.streaming
import time:       832 |        832 |                               pyasn1.debug
import time:       938 |        938 |                               pyasn1.type.char
import time:       735 |        735 |                               pyasn1.type.useful
import time:      4258 |       6762 |                             pyasn1.codec.ber.decoder
import time:       788 |      18960 |                           pyasn1.codec.cer.decoder
import time:       698 |      19931 |                         pyasn1.codec.der.decoder
import time:       580 |        580 |                         pyasn1_modules
import time:       833 |        833 |                         pyasn1_modules.pem
import time:       523 |        523 |                           pyasn1.type.opentype
import time:     25419 |      25942 |                         pyasn1_modules.rfc2459
import time:     17291 |      17291 |                           pyasn1_modules.rfc2251
import time:      1472 |      18763 |                         pyasn1_modules.rfc5208
import time:       702 |        702 |                               rsa.common
import time:       422 |        422 |                                 rsa.transform
import time:       558 |        979 |                               rsa.randnum
import time:       697 |       2377 |                             rsa.prime
import time:       414 |        414 |                             rsa.pem
import time:       388 |        388 |                             rsa.core
import time:      1655 |       4833 |                           rsa.key
import time:       720 |        720 |                           rsa.pkcs1
import time:       857 |       6410 |                         rsa
import time:      1344 |      76977 |                       google.auth.crypt._python_rsa
import time:       632 |      79831 |                     google.auth.crypt.rsa
import time:       632 |     209974 |                   google.auth.crypt
import time:       480 |     210453 |                 google.auth._service_account_info
import time:       572 |        572 |                   google.auth._exponential_backoff
import time:       553 |        553 |                   google.auth.transport.mtls
import time:       642 |       1767 |                 google.auth.iam
import time:       519 |        519 |                   google.auth._cache
import time:      1219 |       1738 |                 google.auth.jwt
import time:       614 |        614 |                 google.oauth2._client
import time:      1317 |     216268 |               google.oauth2.service_account
import time:      1080 |     345719 |             google.auth.transport.requests
import time:       772 |        772 |               google.auth._cloud_sdk
import time:      3834 |       3834 |                     termios
import time:       837 |       4670 |                   getpass
import time:      4900 |       4900 |                       google.oauth2.webauthn_types
import time:       822 |       5721 |                     google.oauth2.webauthn_handler
import time:       622 |       6343 |                   google.oauth2.webauthn_handler_factory
import time:       700 |      11713 |                 google.oauth2.challenges
import time:       450 |      12162 |               google.oauth2.reauth
import time:       850 |      13783 |             google.oauth2.credentials
import time:      1588 |     361090 |           firebase_admin.credentials
import time:       563 |        563 |           firebase_admin.__about__
import time:       937 |     371216 |         firebase_admin
import time:       801 |        801 |                 firebase_admin.exceptions
import time:       660 |        660 |                 firebase_admin._utils
import time:      1310 |       2770 |               firebase_admin._auth_utils
import time:       493 |        493 |                 firebase_admin._rfc3339
import time:       437 |        437 |                 firebase_admin._user_identifier
import time:       636 |        636 |                 firebase_admin._user_import
import time:      1293 |       2858 |               firebase_admin._user_mgt
import time:      1623 |       7251 |             firebase_admin._auth_providers
import time:      1148 |       1148 |             firebase_admin._http_client
import time:       462 |        462 |                   cachecontrol.cache
import time:       837 |        837 |                         msgpack.exceptions
import time:       702 |        702 |                         msgpack.ext
import time:      3912 |       3912 |                         msgpack._cmsgpack
import time:       776 |       6226 |                       msgpack
import time:       437 |       6662 |                     cachecontrol.serialize
import time:      1253 |       7914 |                   cachecontrol.controller
import time:      3744 |       3744 |                     mmap
import time:       524 |       4268 |                   cachecontrol.filewrapper
import time:       898 |      13541 |                 cachecontrol.adapter
import time:       417 |        417 |                 cachecontrol.wrapper
import time:      1657 |      15614 |               cachecontrol
import time:       482 |        482 |               google.oauth2.id_token
import time:      1068 |      17163 |             firebase_admin._token_gen
import time:      1036 |      26597 |           firebase_admin._auth_client
import time:       621 |      27217 |         firebase_admin.auth
import time:       863 |     399296 |       app.core.firebase
import time:       623 |        623 |             google.cloud.firestore_v1.gapic_version
import time:       877 |        877 |                     google.protobuf
import time:       498 |        498 |                         google.protobuf.internal
import time:        67 |         67 |                           google.protobuf.internal._api_implementation
import time:       895 |        895 |                           google.protobuf.message
import time:       692 |        692 |                           google.protobuf.internal.enum_type_wrapper
import time:        57 |         57 |                           google.protobuf.enable_deterministic_proto_serialization
import time:      8568 |      10278 |                         google.protobuf.internal.api_implementation
import time:      1472 |      12247 |                       google.protobuf.descriptor
import time:       610 |        610 |                         google.protobuf.descriptor_database
import time:       829 |        829 |                         google.protobuf.text_encoding
import time:       415 |        415 |                         google.protobuf.internal.python_edition_defaults
import time:       931 |        931 |                             encodings.raw_unicode_escape
import time:       601 |        601 |                             encodings.unicode_escape
import time:       905 |        905 |                                   _compat_pickle
import time:      4212 |       4212 |                                   _pickle
import time:      1933 |       7049 |                                 pickle
import time:      1805 |       8853 |                               google.protobuf.internal.containers
import time:       496 |        496 |                                 google.protobuf.internal.wire_format
import time:       867 |       1363 |                               google.protobuf.internal.encoder
import time:      1017 |      11232 |                             google.protobuf.internal.decoder
import time:       916 |        916 |                             google.protobuf.internal.type_checkers
import time:       560 |        560 |                             google.protobuf.unknown_fields
import time:      5481 |      19718 |                           google.protobuf.text_format
import time:       622 |        622 |                           google.protobuf.internal.extension_dict
import time:       898 |        898 |                           google.protobuf.internal.message_listener
import time:      1798 |       1798 |                             google.protobuf.internal.field_mask
import time:      4056 |       5853 |                           google.protobuf.internal.well_known_types
import time:      1289 |      28378 |                         google.protobuf.internal.python_message
import time:       949 |      31179 |                       google.protobuf.descriptor_pool
import time:       773 |        773 |                       google.protobuf.runtime_version
import time:       287 |        287 |                           google.protobuf.pyext
import time:       442 |        442 |                           google.protobuf.pyext.cpp_message
import time:       633 |       1361 |                         google.protobuf.message_factory
import time:       428 |       1789 |                       google.protobuf.symbol_database
import time:       339 |        339 |                         google.protobuf.reflection
import time:       288 |        627 |                       google.protobuf.internal.builder
import time:      3317 |      49930 |                     google.protobuf.descriptor_pb2
import time:       443 |        443 |                               google.protobuf.duration_pb2
import time:       361 |        361 |                               google.protobuf.timestamp_pb2
import time:       314 |        314 |                               google.protobuf.field_mask_pb2
import time:       321 |        321 |                               google.protobuf.struct_pb2
import time:       450 |        450 |                               google.protobuf.wrappers_pb2
import time:        78 |         78 |                                 google.protobuf.pyext._message
import time:       506 |        583 |                               proto.marshal.compat
import time:       350 |        350 |                                   proto.utils
import time:       543 |        893 |                                 proto.marshal.collections.maps
import time:       509 |        509 |                                 proto.marshal.collections.repeated
import time:       335 |       1736 |                               proto.marshal.collections
import time:       277 |        277 |                               proto.marshal.rules
import time:       504 |        504 |                               proto.marshal.rules.bytes
import time:      1297 |       1297 |                                 proto.primitives
import time:       411 |       1708 |                               proto.marshal.rules.stringy_numbers
import time:      2363 |       2363 |                                 proto.datetime_helpers
import time:       514 |       2876 |                               proto.marshal.rules.dates
import time:       544 |        544 |                               proto.marshal.rules.struct
import time:       362 |        362 |                               proto.marshal.rules.wrappers
import time:       466 |        466 |                               proto.marshal.rules.field_mask
import time:       969 |      11906 |                             proto.marshal.marshal
import time:       416 |      12322 |                           proto.marshal
import time:        36 |      12357 |                         proto.marshal.rules
import time:       294 |      12650 |                       proto.marshal.rules.message
import time:       772 |      13421 |                     proto._file_info
import time:       330 |        330 |                     proto._package_info
import time:       300 |        300 |                     proto.marshal.rules.enums
import time:      1001 |      65856 |                   proto.enums
import time:       441 |        441 |                   proto.fields
import time:      1312 |       1312 |                     google.protobuf.json_format
import time:       763 |       2074 |                   proto.message
import time:       364 |        364 |                   proto.modules
import time:       202 |        202 |                   proto.version
import time:       506 |      69441 |                 proto
import time:       102 |        102 |                   google.type
import time:       725 |        725 |                   google.type.latlng_pb2
import time:      4497 |       5324 |                 google.cloud.firestore_v1.types.document
import time:       851 |      75614 |               google.cloud.firestore_v1.types.aggregation_result
import time:       855 |        855 |               google.cloud.firestore_v1.types.bloom_filter
import time:       925 |        925 |               google.cloud.firestore_v1.types.common
import time:       394 |        394 |                 google.protobuf.any_pb2
import time:       538 |        932 |               google.cloud.firestore_v1.types.explain_stats
import time:       601 |        601 |                 google.cloud.firestore_v1.types.pipeline
import time:      5129 |       5129 |                 google.cloud.firestore_v1.types.query
import time:      1027 |       1027 |                 google.cloud.firestore_v1.types.query_profile
import time:      1846 |       1846 |                 google.cloud.firestore_v1.types.write
import time:       135 |        135 |                 google.rpc
import time:       665 |        665 |                 google.rpc.status_pb2
import time:      5525 |      14924 |               google.cloud.firestore_v1.types.firestore
import time:       494 |      93742 |             google.cloud.firestore_v1.types
import time:       281 |        281 |                   grpc._cython
import time:      1290 |       1290 |                       grpc._typing
import time:       878 |       2168 |                     grpc._observability
import time:      1434 |       1434 |                     pkgutil
import time:     74908 |      78508 |                   grpc._cython.cygrpc
import time:       581 |      79370 |                 grpc._compression
import time:       654 |        654 |                 grpc._runtime_protos
import time:       344 |        344 |                 grpc._grpcio_metadata
import time:       152 |        152 |                 grpc_tools
import time:       101 |        101 |                 grpc_health
import time:        89 |         89 |                 grpc_reflection
import time:       587 |        587 |                     grpc.aio._metadata
import time:       388 |        388 |                     grpc.aio._typing
import time:       994 |       1968 |                   grpc.aio._base_call
import time:       973 |        973 |                   grpc.aio._base_channel
import time:       971 |        971 |                   grpc.aio._base_server
import time:      1777 |       1777 |                     grpc._common
import time:      1967 |       3743 |                   grpc.aio._call
import time:       354 |        354 |                       grpc.aio._utils
import time:      1817 |       2171 |                     grpc.aio._interceptor
import time:      1114 |       3284 |                   grpc.aio._channel
import time:       748 |        748 |                   grpc.aio._server
import time:       556 |      12241 |                 grpc.aio
import time:      2351 |      95299 |               grpc
import time:      3776 |       3776 |                   google.api_core._python_version_support
import time:      1014 |       4790 |                 google.api_core._python_package_support
import time:       663 |        663 |                 google.api_core.version
import time:    158315 |     163766 |               google.api_core
import time:       617 |        617 |                   google.api_core.client_info
import time:       733 |       1350 |                 google.api_core.gapic_v1.client_info
import time:      1405 |       1405 |                     google.rpc.error_details_pb2
import time:       523 |        523 |                     grpc_status
import time:       377 |        377 |                       grpc_status._common
import time:      1666 |       1666 |                           grpc._simple_stubs
import time:      1134 |       2799 |                         grpc.experimental
import time:       594 |        594 |                         grpc.experimental.aio
import time:       359 |       3751 |                       grpc_status._async
import time:       822 |       4949 |                     grpc_status.rpc_status
import time:      2053 |       8928 |                   google.api_core.exceptions
import time:       903 |        903 |                     google.api_core.retry.retry_base
import time:       523 |        523 |                     google.api_core.retry.retry_unary
import time:       537 |        537 |                     google.api_core.retry.retry_unary_async
import time:       512 |        512 |                     google.api_core.retry.retry_streaming
import time:       471 |        471 |                     google.api_core.retry.retry_streaming_async
import time:       525 |        525 |                     google.api_core.datetime_helpers
import time:       723 |       4192 |                   google.api_core.retry
import time:       496 |        496 |                   google.api_core.timeout
import time:       690 |      14304 |                 google.api_core.gapic_v1.config
import time:       322 |        322 |                   google.api_core.retry_async
import time:       419 |        741 |                 google.api_core.gapic_v1.config_async
import time:       935 |        935 |                     google.auth.transport.grpc
import time:       430 |        430 |                     google.api_core.general_helpers
import time:      1223 |       2588 |                   google.api_core.grpc_helpers
import time:       765 |       3352 |                 google.api_core.gapic_v1.method
import time:      2240 |       2240 |                   google.api_core.grpc_helpers_async
import time:       571 |       2811 |                 google.api_core.gapic_v1.method_async
import time:       387 |        387 |                 google.api_core.gapic_v1.routing_header
import time:       665 |      23608 |               google.api_core.gapic_v1
import time:      1062 |       1062 |               google.cloud._helpers
import time:      3721 |       3721 |                 grpc._channel
import time:       556 |       4277 |               google.cloud.exceptions
import time:       708 |        708 |               google.cloud.firestore_v1.transforms
import time:      1134 |       1134 |               google.cloud.firestore_v1.field_path
import time:       543 |        543 |               google.cloud.firestore_v1.vector
import time:      1448 |     291842 |             google.cloud.firestore_v1._helpers
import time:      1524 |       1524 |                 google.cloud.firestore_v1.base_document
import time:      1354 |       2877 |               google.cloud.firestore_v1.base_batch
import time:       646 |       3523 |             google.cloud.firestore_v1.async_batch
import time:       548 |        548 |                     google.cloud.firestore_v1.batch
import time:       639 |        639 |                     google.cloud.firestore_v1.base_transaction
import time:       508 |        508 |                           google.api_core.bidi_base
import time:       868 |       1376 |                         google.api_core.bidi
import time:      2222 |       3597 |                       google.cloud.firestore_v1.watch
import time:       656 |       4253 |                     google.cloud.firestore_v1.document
import time:      2429 |       2429 |                           google.cloud.firestore_v1.pipeline_expressions
import time:       791 |       3220 |                         google.cloud.firestore_v1.base_aggregation
import time:      5547 |       5547 |                           google.cloud.firestore_v1.query_profile
import time:       733 |       6280 |                         google.cloud.firestore_v1.query_results
import time:       738 |        738 |                         google.cloud.firestore_v1.stream_generator
import time:       633 |      10870 |                       google.cloud.firestore_v1.aggregation
import time:      1094 |       1094 |                         google.cloud.firestore_v1.base_vector_query
import time:      1040 |       1040 |                         google.cloud.firestore_v1.order
import time:      2189 |       4322 |                       google.cloud.firestore_v1.base_query
import time:      3814 |       3814 |                       google.cloud.firestore_v1.vector_query
import time:       913 |      19917 |                     google.cloud.firestore_v1.query
import time:      1669 |      27025 |                   google.cloud.firestore_v1.transaction
import time:       747 |        747 |                   google.cloud.firestore_v1.async_stream_generator
import time:      1049 |      28820 |                 google.cloud.firestore_v1.async_aggregation
import time:       593 |        593 |                   google.cloud.firestore_v1.async_vector_query
import time:       750 |       1342 |                 google.cloud.firestore_v1.async_query
import time:       750 |        750 |                 google.cloud.firestore_v1.base_collection
import time:      2983 |      33894 |               google.cloud.firestore_v1.async_collection
import time:       851 |        851 |               google.cloud.firestore_v1.async_document
import time:       819 |        819 |               google.cloud.firestore_v1.async_transaction
import time:       689 |        689 |                 google.api_core.client_options
import time:       839 |        839 |                 google.api_core.path_template
import time:       442 |        442 |                   google.auth.api_key
import time:       758 |       1200 |                 google.cloud.client
import time:       465 |        465 |                   google.cloud.firestore_v1.bulk_batch
import time:       441 |        441 |                   google.cloud.firestore_v1.rate_limiter
import time:      6668 |       7573 |                 google.cloud.firestore_v1.bulk_writer
import time:       786 |        786 |                   google.cloud.firestore_v1.services
import time:       663 |        663 |                     google.api_core.client_logging
import time:      1197 |       1197 |                     google.cloud.firestore_v1.services.firestore.pagers
import time:      4479 |       4479 |                     google.cloud.location
import time:       166 |        166 |                       google.api
import time:       684 |        684 |                         google.api.http_pb2
import time:       957 |       1641 |                       google.api.annotations_pb2
import time:       394 |        394 |                         google.api.launch_stage_pb2
import time:      1064 |       1458 |                       google.api.client_pb2
import time:       995 |       4259 |                     google.cloud.location.locations_pb2
import time:       156 |        156 |                     google.longrunning
import time:       567 |        567 |                             google.protobuf.empty_pb2
import time:       860 |       1427 |                           google.longrunning.operations_proto_pb2
import time:       954 |       2380 |                         google.longrunning.operations_pb2_grpc
import time:      1481 |       3861 |                       google.longrunning.operations_grpc_pb2
import time:      1074 |       4935 |                     google.longrunning.operations_pb2
import time:      2055 |       2055 |                         google.cloud.firestore_v1.services.firestore.transports.base
import time:      6821 |       6821 |                         google.cloud.firestore_v1.services.firestore.transports.grpc
import time:      1524 |       1524 |                         google.cloud.firestore_v1.services.firestore.transports.grpc_asyncio
import time:       542 |        542 |                           google.api_core.rest_helpers
import time:       613 |        613 |                             google.api_core._rest_streaming_base
import time:       528 |       1141 |                           google.api_core.rest_streaming
import time:      3604 |       3604 |                           google.cloud.firestore_v1.services.firestore.transports.rest_base
import time:      3920 |       9205 |                         google.cloud.firestore_v1.services.firestore.transports.rest
import time:       928 |      20530 |                       google.cloud.firestore_v1.services.firestore.transports
import time:        50 |      20580 |                     google.cloud.firestore_v1.services.firestore.transports.base
import time:      3116 |      39380 |                   google.cloud.firestore_v1.services.firestore.client
import time:      1592 |       1592 |                   google.cloud.firestore_v1.services.firestore.async_client
import time:       757 |      42514 |                 google.cloud.firestore_v1.services.firestore
import time:      2214 |       2214 |                   google.cloud.firestore_v1.pipeline_stages
import time:      1615 |       1615 |                   google.cloud.firestore_v1.base_pipeline
import time:      1232 |       5060 |                 google.cloud.firestore_v1.pipeline_source
import time:      1153 |      59025 |               google.cloud.firestore_v1.base_client
import time:      1378 |       1378 |                 google.cloud.firestore_v1.pipeline_result
import time:       613 |       1990 |               google.cloud.firestore_v1.async_pipeline
import time:      1087 |      97663 |             google.cloud.firestore_v1.async_client
import time:       776 |        776 |               google.cloud.firestore_v1.collection
import time:       551 |        551 |               google.cloud.firestore_v1.pipeline
import time:       798 |       2123 |             google.cloud.firestore_v1.client
import time:       583 |     490096 |           google.cloud.firestore_v1
import time:       659 |     490754 |         google.cloud.firestore
import time:       492 |     491246 |       firebase_admin.firestore
import time:     11674 |     902215 |     app.api.history
import time:      9506 |    1175893 |   app.api
import time:      9171 |    2215718 | app.main
